################################################################################
#                                                                              #
#      IAR Universal Linker V6.0.3.49                                          #
#                                                                              #
#           Link time     =  05/Dec/2014  14:39:35                             #
#           Target CPU    =  RL78                                              #
#           List file     =  "C:\Users\Emilio García\Desktop\ble-sdk-rl78\libr #
#                            aries\Examples\ble_my_project_template\Debug\List #
#                            \ble_my_project_template.map"                     #
#           Output file 1 =  "C:\Users\Emilio García\Desktop\ble-sdk-rl78\libr #
#                            aries\Examples\ble_my_project_template\Debug\Exe\ #
#                            ble_my_project_template.d87"                      #
#                            Format: debug                                     #
#                            UBROF version 10.0.6                              #
#                            Using library modules for C-SPY (-rt)             #
#           Command line  =  "C:\Users\Emilio García\Desktop\ble-sdk-rl78\libr #
#                            aries\Examples\ble_my_project_template\Debug\Obj\ #
#                            aci_queue.r87"                                    #
#                            "C:\Users\Emilio García\Desktop\ble-sdk-rl78\libr #
#                            aries\Examples\ble_my_project_template\Debug\Obj\ #
#                            aci_setup.r87"                                    #
#                            "C:\Users\Emilio García\Desktop\ble-sdk-rl78\libr #
#                            aries\Examples\ble_my_project_template\Debug\Obj\ #
#                            acilib.r87"                                       #
#                            "C:\Users\Emilio García\Desktop\ble-sdk-rl78\libr #
#                            aries\Examples\ble_my_project_template\Debug\Obj\ #
#                            CG_port.r87"                                      #
#                            "C:\Users\Emilio García\Desktop\ble-sdk-rl78\libr #
#                            aries\Examples\ble_my_project_template\Debug\Obj\ #
#                            CG_serial.r87"                                    #
#                            "C:\Users\Emilio García\Desktop\ble-sdk-rl78\libr #
#                            aries\Examples\ble_my_project_template\Debug\Obj\ #
#                            CG_system.r87"                                    #
#                            "C:\Users\Emilio García\Desktop\ble-sdk-rl78\libr #
#                            aries\Examples\ble_my_project_template\Debug\Obj\ #
#                            CG_systeminit.r87"                                #
#                            "C:\Users\Emilio García\Desktop\ble-sdk-rl78\libr #
#                            aries\Examples\ble_my_project_template\Debug\Obj\ #
#                            CG_timer.r87"                                     #
#                            "C:\Users\Emilio García\Desktop\ble-sdk-rl78\libr #
#                            aries\Examples\ble_my_project_template\Debug\Obj\ #
#                            hal_aci_tl.r87"                                   #
#                            "C:\Users\Emilio García\Desktop\ble-sdk-rl78\libr #
#                            aries\Examples\ble_my_project_template\Debug\Obj\ #
#                            hal_platform.r87"                                 #
#                            "C:\Users\Emilio García\Desktop\ble-sdk-rl78\libr #
#                            aries\Examples\ble_my_project_template\Debug\Obj\ #
#                            lib_aci.r87"                                      #
#                            "C:\Users\Emilio García\Desktop\ble-sdk-rl78\libr #
#                            aries\Examples\ble_my_project_template\Debug\Obj\ #
#                            main.r87"                                         #
#                            -o                                                #
#                            "C:\Users\Emilio García\Desktop\ble-sdk-rl78\libr #
#                            aries\Examples\ble_my_project_template\Debug\Exe\ #
#                            ble_my_project_template.d87"                      #
#                            -l                                                #
#                            "C:\Users\Emilio García\Desktop\ble-sdk-rl78\libr #
#                            aries\Examples\ble_my_project_template\Debug\List #
#                            \ble_my_project_template.map"                     #
#                            -xms                                              #
#                            "-IC:\Program Files (x86)\IAR Systems\Embedded Wo #
#                            rkbench 7.0\rl78\LIB\"                            #
#                            -f                                                #
#                            "C:\Program Files (x86)\IAR Systems\Embedded Work #
#                            bench 7.0\rl78\config\lnkr5f100le.xcl"            #
#                            (-cRL78 -Z(CODE)INTVEC=00000-0007F                #
#                            -Z(CODE)CLTVEC=00080-000BF                        #
#                            -Z(CODE)OPTBYTE=000C0-000C3                       #
#                            -Z(CODE)SECUID=000C4-000CD --segment_mirror       #
#                            @NEAR_CONST=NEAR_CONST_ID                         #
#                            -Z(CONST)NEAR_CONST_ID=_NEAR_CONST_LOCATION_START #
#                            -_NEAR_CONST_LOCATION_END                         #
#                            -Z(DATA)NEAR_CONST=(_NEAR_CONST_LOCATION_START|F0 #
#                            000)-(_NEAR_CONST_LOCATION_END|F0000)             #
#                            -Z(CODE)RCODE,CODE=000D8-0FDFF                    #
#                            -Z(CONST)SWITCH=000D8-0FDFF                       #
#                            -Z(CONST)NEAR_ID=[000D8-0FDFF]/10000              #
#                            -Z(CONST)SADDR_ID=[000D8-0FDFF]/10000             #
#                            -Z(CONST)DIFUNCT=[000D8-0FDFF]/10000              #
#                            -Z(CONST)HUGE_ID#0FDFF                            #
#                            -Z(DATA)HUGE_I=FEF00-FFE1F                        #
#                            -Z(CONST)FAR_ID#0FDFF -Z(DATA)FAR_I=FEF00-FFE1F   #
#                            -P(CONST)HUGE_CONST=000D8-0FDFF                   #
#                            -P(CONST)FAR_CONST,FSWITCH=[000D8-0FDFF]/10000    #
#                            -P(CODE)XCODE=[000D8-0FDFF]/10000                 #
#                            -Z(CONST)EEPROM=F1000-F1FFF                       #
#                            -Z(DATA)WRKSEG=FFE20-FFEDF                        #
#                            -Z(DATA)SADDR_I,SADDR_Z,SADDR_N=FFE20-FFEDF       #
#                            -Z(DATA)NEAR_I,NEAR_Z,NEAR_N=FEF00-FFE1F          #
#                            -Z(DATA)HUGE_Z=FEF00-FFE1F                        #
#                            -P(DATA)HUGE_N=FEF00-FFE1F                        #
#                            -Z(DATA)FAR_Z=[FEF00-FFE1F]/10000                 #
#                            -P(DATA)FAR_N=[FEF00-FFE1F]/10000                 #
#                            -Z(DATA)NEAR_HEAP+_NEAR_HEAP_SIZE=FEF00-FFE1F     #
#                            -Z(DATA)HUGE_HEAP+_HUGE_HEAP_SIZE=FEF00-FFE1F     #
#                            -Z(DATA)FAR_HEAP+_FAR_HEAP_SIZE=[FEF00-FFE1F]/100 #
#                            00                                                #
#                            -Z(DATA)CSTACK+_CSTACK_SIZE=FEF00-FFE1F) -rt -s   #
#                            __program_start -D_NEAR_CONST_LOCATION=0          #
#                            -D_NEAR_CONST_LOCATION_START=2000                 #
#                            -D_NEAR_CONST_LOCATION_END=EEFF                   #
#                            "C:\Program Files (x86)\IAR Systems\Embedded Work #
#                            bench 7.0\rl78\LIB\dlrl78nn1f.r87"                #
#                            -D_CSTACK_SIZE=100 -D_NEAR_HEAP_SIZE=100          #
#                            -D_HUGE_HEAP_SIZE=1000 -D_FAR_HEAP_SIZE=1000      #
#                                                                              #
#                           Copyright (C) 1987-2014 IAR Systems AB.            #
################################################################################





                ****************************************
                *                                      *
                *           CROSS REFERENCE            *
                *                                      *
                ****************************************

       Program entry at :           000000DD  Relocatable, from module : ?CSTARTUP




                ****************************************
                *                                      *
                *            RUNTIME MODEL             *
                *                                      *
                ****************************************

  __Heap_Handler             = Basic
  __SystemLibrary            = DLib
  __code_model               = near
  __core                     = rl78_1
  __data_model               = near
  __dlib_file_descriptor     = 1
  __dlib_full_locale_support = 1
  __far_rt_calls             = false
  __rt_version               = 1

                ****************************************
                *                                      *
                *    AUTOMATIC SYMBOL REDIRECTIONS     *
                *                                      *
                ****************************************

                  There are no automatic symbol redirections.



                ****************************************
                *                                      *
                *              MODULE MAP              *
                *                                      *
                ****************************************


  DEFINED ABSOLUTE ENTRIES
    *************************************************************************

  DEFINED ABSOLUTE ENTRIES
  PROGRAM MODULE, NAME : ?ABS_ENTRY_MOD

Absolute parts
           ENTRY                   ADDRESS         REF BY
           =====                   =======         ======
           _FAR_HEAP_SIZE          00001000 
           _HUGE_HEAP_SIZE         00001000 
           _NEAR_HEAP_SIZE         00000100 
           _CSTACK_SIZE            00000100 
           _NEAR_CONST_LOCATION_END
                                   0000EEFF 
           _NEAR_CONST_LOCATION_START
                                   00002000 
           _NEAR_CONST_LOCATION    00000000        Segment part 4 (?CSTARTUP)
    *************************************************************************

  FILE NAME : C:\Users\Emilio García\Desktop\ble-sdk-rl78\libraries\Examples\ble_my_project_template\Debug\Obj\aci_queue.r87
  PROGRAM MODULE, NAME : aci_queue

  SEGMENTS IN THE MODULE
  ======================
CODE
  Relative segment, address: 00000203 - 00000256 (0x54 bytes), align: 0
  Segment part 3.
           ENTRY                   ADDRESS         REF BY
           =====                   =======         ======
           aci_queue_init          00000203        hal_aci_tl_init (hal_aci_tl)
               calls direct
               CSTACK = 00000000 ( 00000006 )
    -------------------------------------------------------------------------
CODE
  Relative segment, address: 00000257 - 000002BA (0x64 bytes), align: 0
  Segment part 4.
           ENTRY                   ADDRESS         REF BY
           =====                   =======         ======
           aci_queue_dequeue       00000257        hal_aci_tl_event_get (hal_aci_tl)
                                                   m_aci_event_check (hal_aci_tl)
               calls direct
               CSTACK = 00000000 ( 00000006 )
    -------------------------------------------------------------------------
CODE
  Relative segment, address: 000002BB - 0000031E (0x64 bytes), align: 0
  Segment part 5.
           ENTRY                   ADDRESS         REF BY
           =====                   =======         ======
           aci_queue_dequeue_from_isr
                                   000002BB        m_aci_isr (hal_aci_tl)
               calls direct
               CSTACK = 00000000 ( 00000006 )
    -------------------------------------------------------------------------
CODE
  Relative segment, address: 0000031F - 000003B1 (0x93 bytes), align: 0
  Segment part 6.
           ENTRY                   ADDRESS         REF BY
           =====                   =======         ======
           aci_queue_enqueue       0000031F        hal_aci_tl_send (hal_aci_tl)
                                                   m_aci_event_check (hal_aci_tl)
               calls direct
               CSTACK = 00000000 ( 00000008 )
    -------------------------------------------------------------------------
CODE
  Relative segment, address: 000003B2 - 00000444 (0x93 bytes), align: 0
  Segment part 7.
           ENTRY                   ADDRESS         REF BY
           =====                   =======         ======
           aci_queue_enqueue_from_isr
                                   000003B2        m_aci_isr (hal_aci_tl)
               calls direct
               CSTACK = 00000000 ( 00000008 )
    -------------------------------------------------------------------------
CODE
  Relative segment, address: 00000445 - 00000476 (0x32 bytes), align: 0
  Segment part 8.             Intra module refs:   aci_queue_dequeue
                                                   aci_queue_peek
           ENTRY                   ADDRESS         REF BY
           =====                   =======         ======
           aci_queue_is_empty      00000445        hal_aci_tl_event_get (hal_aci_tl)
                                                   hal_aci_tl_tx_q_empty (hal_aci_tl)
                                                   m_aci_event_check (hal_aci_tl)
               calls direct
               CSTACK = 00000000 ( 00000006 )
    -------------------------------------------------------------------------
CODE
  Relative segment, address: 00000477 - 00000497 (0x21 bytes), align: 0
  Segment part 9.             Intra module refs:   aci_queue_dequeue_from_isr
           ENTRY                   ADDRESS         REF BY
           =====                   =======         ======
           aci_queue_is_empty_from_isr
                                   00000477        m_aci_isr (hal_aci_tl)
               calls direct
               CSTACK = 00000000 ( 00000004 )
    -------------------------------------------------------------------------
CODE
  Relative segment, address: 00000498 - 000004C6 (0x2f bytes), align: 0
  Segment part 10.            Intra module refs:   aci_queue_enqueue
           ENTRY                   ADDRESS         REF BY
           =====                   =======         ======
           aci_queue_is_full       00000498        hal_aci_tl_event_get (hal_aci_tl)
                                                   hal_aci_tl_send (hal_aci_tl)
                                                   m_aci_event_check (hal_aci_tl)
               calls direct
               CSTACK = 00000000 ( 00000004 )
    -------------------------------------------------------------------------
CODE
  Relative segment, address: 000004C7 - 000004ED (0x27 bytes), align: 0
  Segment part 11.            Intra module refs:   aci_queue_enqueue_from_isr
           ENTRY                   ADDRESS         REF BY
           =====                   =======         ======
           aci_queue_is_full_from_isr
                                   000004C7        m_aci_isr (hal_aci_tl)
               calls direct
               CSTACK = 00000000 ( 00000004 )
    -------------------------------------------------------------------------
CODE
  Relative segment, address: 000004EE - 0000053A (0x4d bytes), align: 0
  Segment part 12.
           ENTRY                   ADDRESS         REF BY
           =====                   =======         ======
           aci_queue_peek          000004EE        hal_aci_tl_event_peek (hal_aci_tl)
               calls direct
               CSTACK = 00000000 ( 00000004 )
    -------------------------------------------------------------------------
NEAR_CONST
  Relative segment, address: 000F2000 - 000F2047 (0x48 bytes), align: 1
  Segment part 2.             Intra module refs:   aci_queue_dequeue
                                                   aci_queue_dequeue_from_isr
                                                   aci_queue_enqueue
                                                   aci_queue_enqueue_from_isr
                                                   aci_queue_init
                                                   aci_queue_is_empty
                                                   aci_queue_is_empty_from_isr
                                                   aci_queue_is_full
                                                   aci_queue_is_full_from_isr
                                                   aci_queue_peek
    -------------------------------------------------------------------------
NEAR_CONST_ID
  Relative segment, address: 00002000 - 00002047 (0x48 bytes), align: 1
  Segment part 14.            Intra module refs:   Segment part 2

    *************************************************************************

  FILE NAME : C:\Users\Emilio García\Desktop\ble-sdk-rl78\libraries\Examples\ble_my_project_template\Debug\Obj\aci_setup.r87
  PROGRAM MODULE, NAME : aci_setup

  SEGMENTS IN THE MODULE
  ======================
CODE
  Relative segment, address: 0000053B - 000005DF (0xa5 bytes), align: 0
  Segment part 2.             Intra module refs:   do_aci_setup
           LOCAL                   ADDRESS         
           =====                   =======         
           aci_setup_fill          0000053B 
               calls direct
               CSTACK = 00000000 ( 0000000E )
    -------------------------------------------------------------------------
CODE
  Relative segment, address: 000005E0 - 000006B2 (0xd3 bytes), align: 0
  Segment part 3.
           ENTRY                   ADDRESS         REF BY
           =====                   =======         ======
           do_aci_setup            000005E0        loop (main)
               calls direct
               CSTACK = 00000000 ( 00000014 )

    *************************************************************************

  FILE NAME : C:\Users\Emilio García\Desktop\ble-sdk-rl78\libraries\Examples\ble_my_project_template\Debug\Obj\acilib.r87
  PROGRAM MODULE, NAME : acilib

  SEGMENTS IN THE MODULE
  ======================
CODE
  Relative segment, address: 000006B3 - 00000718 (0x66 bytes), align: 0
  Segment part 6.
           ENTRY                   ADDRESS         REF BY
           =====                   =======         ======
           acil_encode_cmd_connect
                                   000006B3        lib_aci_connect (lib_aci)
               CSTACK = 00000000 ( 00000006 )

    *************************************************************************

  FILE NAME : C:\Users\Emilio García\Desktop\ble-sdk-rl78\libraries\Examples\ble_my_project_template\Debug\Obj\CG_port.r87
  PROGRAM MODULE, NAME : CG_port

  SEGMENTS IN THE MODULE
  ======================
SADDR_A
  Relative segment, address: 000FFF01 - 000FFF01 (0x1 bytes), align: 0
  Segment part 1. ROOT        Intra module refs:   CSI00_Init (CG_serial)
                                                   digitalRead
                                                   digitalWrite
           ENTRY                   ADDRESS         REF BY
           =====                   =======         ======
           _A_P1                   000FFF01 
           LOCAL                   ADDRESS         
           =====                   =======         
           P1                      000FFF01 
           P1_bit                  000FFF01 
    -------------------------------------------------------------------------
SADDR_A
  Relative segment, address: 000FFF07 - 000FFF07 (0x1 bytes), align: 0
  Segment part 2. ROOT        Intra module refs:   PORT_Init
           ENTRY                   ADDRESS         REF BY
           =====                   =======         ======
           _A_P7                   000FFF07 
           LOCAL                   ADDRESS         
           =====                   =======         
           P7                      000FFF07 
           P7_bit                  000FFF07 
    -------------------------------------------------------------------------
SADDR_A
  Relative segment, address: 000FFF0E - 000FFF0E (0x1 bytes), align: 0
  Segment part 3. ROOT        Intra module refs:   PORT_Init
                                                   digitalRead
                                                   digitalWrite
           ENTRY                   ADDRESS         REF BY
           =====                   =======         ======
           _A_P14                  000FFF0E 
           LOCAL                   ADDRESS         
           =====                   =======         
           P14                     000FFF0E 
           P14_bit                 000FFF0E 
    -------------------------------------------------------------------------
NEAR_A
  Relative segment, address: 000FFF27 - 000FFF27 (0x1 bytes), align: 0
  Segment part 4. ROOT        Intra module refs:   PORT_Init
           ENTRY                   ADDRESS         REF BY
           =====                   =======         ======
           _A_PM7                  000FFF27 
           LOCAL                   ADDRESS         
           =====                   =======         
           PM7                     000FFF27 
           PM7_bit                 000FFF27 
    -------------------------------------------------------------------------
NEAR_A
  Relative segment, address: 000FFF2E - 000FFF2E (0x1 bytes), align: 0
  Segment part 5. ROOT        Intra module refs:   PORT_Init
           ENTRY                   ADDRESS         REF BY
           =====                   =======         ======
           _A_PM14                 000FFF2E 
           LOCAL                   ADDRESS         
           =====                   =======         
           PM14                    000FFF2E 
           PM14_bit                000FFF2E 
    -------------------------------------------------------------------------
NEAR_A
  Relative segment, address: 000F003E - 000F003E (0x1 bytes), align: 0
  Segment part 6. ROOT        Intra module refs:   PORT_Init
           ENTRY                   ADDRESS         REF BY
           =====                   =======         ======
           _A_PU14                 000F003E 
           LOCAL                   ADDRESS         
           =====                   =======         
           PU14                    000F003E 
           PU14_bit                000F003E 
    -------------------------------------------------------------------------
NEAR_A
  Relative segment, address: 000F006E - 000F006E (0x1 bytes), align: 0
  Segment part 7. ROOT        Intra module refs:   PORT_Init
           ENTRY                   ADDRESS         REF BY
           =====                   =======         ======
           _A_PMC14                000F006E 
           LOCAL                   ADDRESS         
           =====                   =======         
           PMC14                   000F006E 
           PMC14_bit               000F006E 
    -------------------------------------------------------------------------
CODE
  Relative segment, address: 00000719 - 0000072D (0x15 bytes), align: 0
  Segment part 9.
           ENTRY                   ADDRESS         REF BY
           =====                   =======         ======
           PORT_Init               00000719        systeminit (CG_systeminit)
    -------------------------------------------------------------------------
CODE
  Relative segment, address: 0000072E - 00000777 (0x4a bytes), align: 0
  Segment part 10.
           ENTRY                   ADDRESS         REF BY
           =====                   =======         ======
           digitalRead             0000072E        m_aci_event_check (hal_aci_tl)
    -------------------------------------------------------------------------
CODE
  Relative segment, address: 00000778 - 000007D3 (0x5c bytes), align: 0
  Segment part 11.
           ENTRY                   ADDRESS         REF BY
           =====                   =======         ======
           digitalWrite            00000778        hal_aci_tl_init (hal_aci_tl)
                                                   hal_aci_tl_pin_reset (hal_aci_tl)
                                                   m_aci_reqn_disable (hal_aci_tl)
                                                   m_aci_reqn_enable (hal_aci_tl)
               CSTACK = 00000000 ( 00000002 )

    *************************************************************************

  FILE NAME : C:\Users\Emilio García\Desktop\ble-sdk-rl78\libraries\Examples\ble_my_project_template\Debug\Obj\CG_serial.r87
  PROGRAM MODULE, NAME : CG_serial

  SEGMENTS IN THE MODULE
  ======================
SADDR_A
  Relative segment, address: 000FFF00 - 000FFF00 (0x1 bytes), align: 0
  Segment part 1. ROOT        Intra module refs:   UART1_Init
           ENTRY                   ADDRESS         REF BY
           =====                   =======         ======
           _A_P0                   000FFF00 
           LOCAL                   ADDRESS         
           =====                   =======         
           P0                      000FFF00 
           P0_bit                  000FFF00 
    -------------------------------------------------------------------------
SADDR_A
  Relative segment, address: 000FFF10 - 000FFF11 (0x2 bytes), align: 0
  Segment part 3. ROOT        Intra module refs:   CSI00_Init
                                                   CSI00_SendReceiveData
           ENTRY                   ADDRESS         REF BY
           =====                   =======         ======
           _A_SDR00                000FFF10 
           LOCAL                   ADDRESS         
           =====                   =======         
           SDR00                   000FFF10 
           SDR00_bit               000FFF10 
           SIO00                   000FFF10 
           SIO00_bit               000FFF10 
           TXD0                    000FFF10 
           TXD0_bit                000FFF10 
    -------------------------------------------------------------------------
NEAR_A
  Relative segment, address: 000FFF20 - 000FFF20 (0x1 bytes), align: 0
  Segment part 4. ROOT        Intra module refs:   UART1_Init
           ENTRY                   ADDRESS         REF BY
           =====                   =======         ======
           _A_PM0                  000FFF20 
           LOCAL                   ADDRESS         
           =====                   =======         
           PM0                     000FFF20 
           PM0_bit                 000FFF20 
    -------------------------------------------------------------------------
NEAR_A
  Relative segment, address: 000FFF21 - 000FFF21 (0x1 bytes), align: 0
  Segment part 5. ROOT        Intra module refs:   CSI00_Init
           ENTRY                   ADDRESS         REF BY
           =====                   =======         ======
           _A_PM1                  000FFF21 
           LOCAL                   ADDRESS         
           =====                   =======         
           PM1                     000FFF21 
           PM1_bit                 000FFF21 
    -------------------------------------------------------------------------
NEAR_A
  Relative segment, address: 000FFF44 - 000FFF45 (0x2 bytes), align: 0
  Segment part 6. ROOT        Intra module refs:   UART1_Init
                                                   UARTtxInterrupt
                                                   printDec
                                                   printHex
                                                   printString
                                                   writeByte
           ENTRY                   ADDRESS         REF BY
           =====                   =======         ======
           _A_SDR02                000FFF44 
           LOCAL                   ADDRESS         
           =====                   =======         
           SDR02                   000FFF44 
           SDR02_bit               000FFF44 
           SIO10                   000FFF44 
           SIO10_bit               000FFF44 
           TXD1                    000FFF44 
           TXD1_bit                000FFF44 
    -------------------------------------------------------------------------
NEAR_A
  Relative segment, address: 000FFF46 - 000FFF47 (0x2 bytes), align: 0
  Segment part 7. ROOT        Intra module refs:   UART1_Init
                                                   UARTrxInterrupt
           ENTRY                   ADDRESS         REF BY
           =====                   =======         ======
           _A_SDR03                000FFF46 
           LOCAL                   ADDRESS         
           =====                   =======         
           RXD1                    000FFF46 
           RXD1_bit                000FFF46 
           SDR03                   000FFF46 
           SDR03_bit               000FFF46 
           SIO11                   000FFF46 
           SIO11_bit               000FFF46 
    -------------------------------------------------------------------------
NEAR_A
  Relative segment, address: 000FFFE0 - 000FFFE1 (0x2 bytes), align: 0
  Segment part 8. ROOT        Intra module refs:   CSI00_Init
                                                   CSI00_SendReceiveData
                                                   CSI00_Start
                                                   TAU0_Init (CG_timer)
           ENTRY                   ADDRESS         REF BY
           =====                   =======         ======
           _A_IF0                  000FFFE0 
           LOCAL                   ADDRESS         
           =====                   =======         
           IF0                     000FFFE0 
           IF0H                    000FFFE1 
           IF0H_bit                000FFFE1 
           IF0L                    000FFFE0 
           IF0L_bit                000FFFE0 
    -------------------------------------------------------------------------
NEAR_A
  Relative segment, address: 000FFFE2 - 000FFFE3 (0x2 bytes), align: 0
  Segment part 9. ROOT        Intra module refs:   TAU0_Channel0_Start (CG_timer)
                                                   TAU0_Channel0_Stop (CG_timer)
                                                   TAU0_Init (CG_timer)
                                                   UART1_Init
                                                   UART1_Start
           ENTRY                   ADDRESS         REF BY
           =====                   =======         ======
           _A_IF1                  000FFFE2 
           LOCAL                   ADDRESS         
           =====                   =======         
           IF1                     000FFFE2 
           IF1H                    000FFFE3 
           IF1H_bit                000FFFE3 
           IF1L                    000FFFE2 
           IF1L_bit                000FFFE2 
    -------------------------------------------------------------------------
NEAR_A
  Relative segment, address: 000FFFE4 - 000FFFE5 (0x2 bytes), align: 0
  Segment part 10. ROOT       Intra module refs:   CSI00_Init
                                                   TAU0_Init (CG_timer)
           ENTRY                   ADDRESS         REF BY
           =====                   =======         ======
           _A_MK0                  000FFFE4 
           LOCAL                   ADDRESS         
           =====                   =======         
           MK0                     000FFFE4 
           MK0H                    000FFFE5 
           MK0H_bit                000FFFE5 
           MK0L                    000FFFE4 
           MK0L_bit                000FFFE4 
    -------------------------------------------------------------------------
NEAR_A
  Relative segment, address: 000FFFE6 - 000FFFE7 (0x2 bytes), align: 0
  Segment part 11. ROOT       Intra module refs:   TAU0_Channel0_Start (CG_timer)
                                                   TAU0_Channel0_Stop (CG_timer)
                                                   TAU0_Init (CG_timer)
                                                   UART1_Init
                                                   UART1_Start
                                                   printDec
                                                   printHex
                                                   printString
                                                   writeByte
           ENTRY                   ADDRESS         REF BY
           =====                   =======         ======
           _A_MK1                  000FFFE6 
           LOCAL                   ADDRESS         
           =====                   =======         
           MK1                     000FFFE6 
           MK1H                    000FFFE7 
           MK1H_bit                000FFFE7 
           MK1L                    000FFFE6 
           MK1L_bit                000FFFE6 
    -------------------------------------------------------------------------
NEAR_A
  Relative segment, address: 000FFFE8 - 000FFFE9 (0x2 bytes), align: 0
  Segment part 12. ROOT       Intra module refs:   CSI00_Init
           ENTRY                   ADDRESS         REF BY
           =====                   =======         ======
           _A_PR00                 000FFFE8 
           LOCAL                   ADDRESS         
           =====                   =======         
           PR00                    000FFFE8 
           PR00H                   000FFFE9 
           PR00H_bit               000FFFE9 
           PR00L                   000FFFE8 
           PR00L_bit               000FFFE8 
    -------------------------------------------------------------------------
NEAR_A
  Relative segment, address: 000FFFEA - 000FFFEB (0x2 bytes), align: 0
  Segment part 13. ROOT       Intra module refs:   TAU0_Init (CG_timer)
                                                   UART1_Init
           ENTRY                   ADDRESS         REF BY
           =====                   =======         ======
           _A_PR01                 000FFFEA 
           LOCAL                   ADDRESS         
           =====                   =======         
           PR01                    000FFFEA 
           PR01H                   000FFFEB 
           PR01H_bit               000FFFEB 
           PR01L                   000FFFEA 
           PR01L_bit               000FFFEA 
    -------------------------------------------------------------------------
NEAR_A
  Relative segment, address: 000FFFEC - 000FFFED (0x2 bytes), align: 0
  Segment part 14. ROOT       Intra module refs:   CSI00_Init
           ENTRY                   ADDRESS         REF BY
           =====                   =======         ======
           _A_PR10                 000FFFEC 
           LOCAL                   ADDRESS         
           =====                   =======         
           PR10                    000FFFEC 
           PR10H                   000FFFED 
           PR10H_bit               000FFFED 
           PR10L                   000FFFEC 
           PR10L_bit               000FFFEC 
    -------------------------------------------------------------------------
NEAR_A
  Relative segment, address: 000FFFEE - 000FFFEF (0x2 bytes), align: 0
  Segment part 15. ROOT       Intra module refs:   TAU0_Init (CG_timer)
                                                   UART1_Init
           ENTRY                   ADDRESS         REF BY
           =====                   =======         ======
           _A_PR11                 000FFFEE 
           LOCAL                   ADDRESS         
           =====                   =======         
           PR11                    000FFFEE 
           PR11H                   000FFFEF 
           PR11H_bit               000FFFEF 
           PR11L                   000FFFEE 
           PR11L_bit               000FFFEE 
    -------------------------------------------------------------------------
NEAR_A
  Relative segment, address: 000F0060 - 000F0060 (0x1 bytes), align: 0
  Segment part 16. ROOT       Intra module refs:   UART1_Init
           ENTRY                   ADDRESS         REF BY
           =====                   =======         ======
           _A_PMC0                 000F0060 
           LOCAL                   ADDRESS         
           =====                   =======         
           PMC0                    000F0060 
           PMC0_bit                000F0060 
    -------------------------------------------------------------------------
NEAR_A
  Relative segment, address: 000F0070 - 000F0070 (0x1 bytes), align: 0
  Segment part 17. ROOT       Intra module refs:   UART1_Init
           ENTRY                   ADDRESS         REF BY
           =====                   =======         ======
           _A_NFEN0                000F0070 
           LOCAL                   ADDRESS         
           =====                   =======         
           NFEN0                   000F0070 
           NFEN0_bit               000F0070 
    -------------------------------------------------------------------------
NEAR_A
  Relative segment, address: 000F00F0 - 000F00F0 (0x1 bytes), align: 0
  Segment part 18. ROOT       Intra module refs:   SAU0_Init
                                                   TAU0_Init (CG_timer)
           ENTRY                   ADDRESS         REF BY
           =====                   =======         ======
           _A_PER0                 000F00F0 
           LOCAL                   ADDRESS         
           =====                   =======         
           PER0                    000F00F0 
           PER0_bit                000F00F0 
    -------------------------------------------------------------------------
NEAR_A
  Relative segment, address: 000F0110 - 000F0111 (0x2 bytes), align: 0
  Segment part 19. ROOT       Intra module refs:   CSI00_Init
           ENTRY                   ADDRESS         REF BY
           =====                   =======         ======
           _A_SMR00                000F0110 
           LOCAL                   ADDRESS         
           =====                   =======         
           SMR00                   000F0110 
           SMR00_bit               000F0110 
    -------------------------------------------------------------------------
NEAR_A
  Relative segment, address: 000F0114 - 000F0115 (0x2 bytes), align: 0
  Segment part 20. ROOT       Intra module refs:   UART1_Init
           ENTRY                   ADDRESS         REF BY
           =====                   =======         ======
           _A_SMR02                000F0114 
           LOCAL                   ADDRESS         
           =====                   =======         
           SMR02                   000F0114 
           SMR02_bit               000F0114 
    -------------------------------------------------------------------------
NEAR_A
  Relative segment, address: 000F0116 - 000F0117 (0x2 bytes), align: 0
  Segment part 21. ROOT       Intra module refs:   UART1_Init
           ENTRY                   ADDRESS         REF BY
           =====                   =======         ======
           _A_SMR03                000F0116 
           LOCAL                   ADDRESS         
           =====                   =======         
           SMR03                   000F0116 
           SMR03_bit               000F0116 
    -------------------------------------------------------------------------
NEAR_A
  Relative segment, address: 000F0118 - 000F0119 (0x2 bytes), align: 0
  Segment part 22. ROOT       Intra module refs:   CSI00_Init
           ENTRY                   ADDRESS         REF BY
           =====                   =======         ======
           _A_SCR00                000F0118 
           LOCAL                   ADDRESS         
           =====                   =======         
           SCR00                   000F0118 
           SCR00_bit               000F0118 
    -------------------------------------------------------------------------
NEAR_A
  Relative segment, address: 000F011C - 000F011D (0x2 bytes), align: 0
  Segment part 23. ROOT       Intra module refs:   UART1_Init
           ENTRY                   ADDRESS         REF BY
           =====                   =======         ======
           _A_SCR02                000F011C 
           LOCAL                   ADDRESS         
           =====                   =======         
           SCR02                   000F011C 
           SCR02_bit               000F011C 
    -------------------------------------------------------------------------
NEAR_A
  Relative segment, address: 000F011E - 000F011F (0x2 bytes), align: 0
  Segment part 24. ROOT       Intra module refs:   UART1_Init
           ENTRY                   ADDRESS         REF BY
           =====                   =======         ======
           _A_SCR03                000F011E 
           LOCAL                   ADDRESS         
           =====                   =======         
           SCR03                   000F011E 
           SCR03_bit               000F011E 
    -------------------------------------------------------------------------
NEAR_A
  Relative segment, address: 000F0122 - 000F0123 (0x2 bytes), align: 0
  Segment part 25. ROOT       Intra module refs:   CSI00_Start
                                                   UART1_Start
           ENTRY                   ADDRESS         REF BY
           =====                   =======         ======
           _A_SS0                  000F0122 
           LOCAL                   ADDRESS         
           =====                   =======         
           SS0                     000F0122 
           SS0L                    000F0122 
           SS0L_bit                000F0122 
    -------------------------------------------------------------------------
NEAR_A
  Relative segment, address: 000F0124 - 000F0125 (0x2 bytes), align: 0
  Segment part 26. ROOT       Intra module refs:   CSI00_Init
                                                   UART1_Init
           ENTRY                   ADDRESS         REF BY
           =====                   =======         ======
           _A_ST0                  000F0124 
           LOCAL                   ADDRESS         
           =====                   =======         
           ST0                     000F0124 
           ST0L                    000F0124 
           ST0L_bit                000F0124 
    -------------------------------------------------------------------------
NEAR_A
  Relative segment, address: 000F0126 - 000F0127 (0x2 bytes), align: 0
  Segment part 27. ROOT       Intra module refs:   SAU0_Init
           ENTRY                   ADDRESS         REF BY
           =====                   =======         ======
           _A_SPS0                 000F0126 
           LOCAL                   ADDRESS         
           =====                   =======         
           SPS0                    000F0126 
           SPS0L                   000F0126 
           SPS0L_bit               000F0126 
           SPS0_bit                000F0126 
    -------------------------------------------------------------------------
NEAR_A
  Relative segment, address: 000F0128 - 000F0129 (0x2 bytes), align: 0
  Segment part 28. ROOT       Intra module refs:   CSI00_Init
                                                   CSI00_Start
                                                   UART1_Init
                                                   UART1_Start
           ENTRY                   ADDRESS         REF BY
           =====                   =======         ======
           _A_SO0                  000F0128 
           LOCAL                   ADDRESS         
           =====                   =======         
           SO0                     000F0128 
           SO0_bit                 000F0128 
    -------------------------------------------------------------------------
NEAR_A
  Relative segment, address: 000F012A - 000F012B (0x2 bytes), align: 0
  Segment part 29. ROOT       Intra module refs:   CSI00_Init
                                                   CSI00_Start
                                                   UART1_Init
                                                   UART1_Start
           ENTRY                   ADDRESS         REF BY
           =====                   =======         ======
           _A_SOE0                 000F012A 
           LOCAL                   ADDRESS         
           =====                   =======         
           SOE0                    000F012A 
           SOE0L                   000F012A 
           SOE0L_bit               000F012A 
    -------------------------------------------------------------------------
NEAR_A
  Relative segment, address: 000F0134 - 000F0135 (0x2 bytes), align: 0
  Segment part 30. ROOT       Intra module refs:   UART1_Init
           ENTRY                   ADDRESS         REF BY
           =====                   =======         ======
           _A_SOL0                 000F0134 
           LOCAL                   ADDRESS         
           =====                   =======         
           SOL0                    000F0134 
           SOL0L                   000F0134 
           SOL0L_bit               000F0134 
           SOL0_bit                000F0134 
    -------------------------------------------------------------------------
NEAR_Z
  Relative segment, address: 000FEF06 - 000FEF07 (0x2 bytes), align: 1
  Segment part 35.            Intra module refs:   UARTtxInterrupt
                                                   printDec
                                                   printHex
                                                   printString
                                                   writeByte
           ENTRY                   ADDRESS         REF BY
           =====                   =======         ======
           addByte                 000FEF06 
    -------------------------------------------------------------------------
NEAR_Z
  Relative segment, address: 000FF00C - 000FF00C (0x1 bytes), align: 0
  Segment part 36.            Intra module refs:   UARTtxInterrupt
                                                   printDec
                                                   printHex
                                                   printString
                                                   writeByte
           ENTRY                   ADDRESS         REF BY
           =====                   =======         ======
           TXcnt                   000FF00C 
    -------------------------------------------------------------------------
NEAR_Z
  Relative segment, address: 000FF00D - 000FF00D (0x1 bytes), align: 0
  Segment part 37.            Intra module refs:   UART1_Start
                                                   UARTrxInterrupt
           ENTRY                   ADDRESS         REF BY
           =====                   =======         ======
           RXcnt                   000FF00D 
    -------------------------------------------------------------------------
NEAR_Z
  Relative segment, address: 000FEF08 - 000FEF87 (0x80 bytes), align: 1
  Segment part 38.            Intra module refs:   printDec
                                                   printHex
                                                   printString
                                                   writeByte
           ENTRY                   ADDRESS         REF BY
           =====                   =======         ======
           bufferUARTtx            000FEF08 
    -------------------------------------------------------------------------
NEAR_Z
  Relative segment, address: 000FEF88 - 000FF007 (0x80 bytes), align: 1
  Segment part 39.            Intra module refs:   UARTrxInterrupt
           ENTRY                   ADDRESS         REF BY
           =====                   =======         ======
           bufferUARTrx            000FEF88 
    -------------------------------------------------------------------------
NEAR_Z
  Relative segment, address: 000FF00E - 000FF013 (0x6 bytes), align: 0
  Segment part 40.
           ENTRY                   ADDRESS         REF BY
           =====                   =======         ======
           Serial                  000FF00E        __ble_assert (main)
                                                   hal_aci_tl_event_get (hal_aci_tl)
                                                   hal_aci_tl_send (hal_aci_tl)
                                                   loop (main)
                                                   m_aci_data_print (hal_aci_tl)
                                                   setup (main)
    -------------------------------------------------------------------------
NEAR_CONST
  Relative segment, address: 000F2048 - 000F2057 (0x10 bytes), align: 1
  Segment part 41.            Intra module refs:   printDec
                                                   printHex
           ENTRY                   ADDRESS         REF BY
           =====                   =======         ======
           tableAscii              000F2048 
    -------------------------------------------------------------------------
NEAR_Z
  Relative segment, address: 000FF014 - 000FF014 (0x1 bytes), align: 0
  Segment part 42.            Intra module refs:   CSI00_SendReceiveData
           ENTRY                   ADDRESS         REF BY
           =====                   =======         ======
           RxSPIByte               000FF014 
    -------------------------------------------------------------------------
CODE
  Relative segment, address: 000007D4 - 000007EF (0x1c bytes), align: 0
  Segment part 43.
           ENTRY                   ADDRESS         REF BY
           =====                   =======         ======
           SAU0_Init               000007D4        systeminit (CG_systeminit)
               calls direct
    -------------------------------------------------------------------------
CODE
  Relative segment, address: 000007F0 - 00000863 (0x74 bytes), align: 0
  Segment part 44.            Intra module refs:   SAU0_Init
           ENTRY                   ADDRESS         REF BY
           =====                   =======         ======
           UART1_Init              000007F0 
    -------------------------------------------------------------------------
CODE
  Relative segment, address: 00000864 - 00000890 (0x2d bytes), align: 0
  Segment part 45.            Intra module refs:   SAU0_Init
           ENTRY                   ADDRESS         REF BY
           =====                   =======         ======
           UART1_Start             00000864 
    -------------------------------------------------------------------------
CODE
  Relative segment, address: 00000891 - 00000A17 (0x187 bytes), align: 0
  Segment part 47.            Intra module refs:   selectPrint
                                                   selectPrintln
           ENTRY                   ADDRESS         REF BY
           =====                   =======         ======
           printString             00000891 
               calls direct
               CSTACK = 00000000 ( 0000000A )
    -------------------------------------------------------------------------
CODE
  Relative segment, address: 00000A18 - 00000B57 (0x140 bytes), align: 0
  Segment part 48.            Intra module refs:   selectPrint
                                                   selectPrintln
           ENTRY                   ADDRESS         REF BY
           =====                   =======         ======
           printHex                00000A18 
               calls direct
               CSTACK = 00000000 ( 00000008 )
    -------------------------------------------------------------------------
CODE
  Relative segment, address: 00000B58 - 00000CC7 (0x170 bytes), align: 0
  Segment part 49.            Intra module refs:   selectPrint
                                                   selectPrintln
           ENTRY                   ADDRESS         REF BY
           =====                   =======         ======
           printDec                00000B58 
               calls direct
               CSTACK = 00000000 ( 00000008 )
    -------------------------------------------------------------------------
CODE
  Relative segment, address: 00000CC8 - 00000CED (0x26 bytes), align: 0
  Segment part 50.            Intra module refs:   initializeSerialMonitor
           ENTRY                   ADDRESS         REF BY
           =====                   =======         ======
           selectPrint             00000CC8 
               calls direct
    -------------------------------------------------------------------------
CODE
  Relative segment, address: 00000CEE - 00000D13 (0x26 bytes), align: 0
  Segment part 51.            Intra module refs:   initializeSerialMonitor
           ENTRY                   ADDRESS         REF BY
           =====                   =======         ======
           selectPrintln           00000CEE 
               calls direct
    -------------------------------------------------------------------------
CODE
  Relative segment, address: 00000D14 - 00000D63 (0x50 bytes), align: 0
  Segment part 52.            Intra module refs:   initializeSerialMonitor
           ENTRY                   ADDRESS         REF BY
           =====                   =======         ======
           writeByte               00000D14 
               CSTACK = 00000000 ( 00000002 )
    -------------------------------------------------------------------------
CODE
  Relative segment, address: 00000D64 - 00000DCE (0x6b bytes), align: 0
  Segment part 53.
           ENTRY                   ADDRESS         REF BY
           =====                   =======         ======
           initializeSerialMonitor
                                   00000D64        setup (main)
               CSTACK = 00000000 ( 00000008 )
    -------------------------------------------------------------------------
CODE
  Relative segment, address: 00000DCF - 00000DF0 (0x22 bytes), align: 0
  Segment part 54.            Intra module refs:   UARTtxInterrupt::??INTVEC 36
           ENTRY                   ADDRESS         REF BY
           =====                   =======         ======
           UARTtxInterrupt         00000DCF 
               interrupt function
               CSTACK = 00000000 ( 00000004 )
    -------------------------------------------------------------------------
CODE
  Relative segment, address: 00000DF1 - 00000E11 (0x21 bytes), align: 0
  Segment part 57.            Intra module refs:   UARTrxInterrupt::??INTVEC 38
           ENTRY                   ADDRESS         REF BY
           =====                   =======         ======
           UARTrxInterrupt         00000DF1 
               interrupt function
               CSTACK = 00000000 ( 00000004 )
    -------------------------------------------------------------------------
CODE
  Relative segment, address: 00000E12 - 00000E5F (0x4e bytes), align: 0
  Segment part 58.            Intra module refs:   SAU0_Init
           ENTRY                   ADDRESS         REF BY
           =====                   =======         ======
           CSI00_Init              00000E12 
    -------------------------------------------------------------------------
CODE
  Relative segment, address: 00000E60 - 00000E85 (0x26 bytes), align: 0
  Segment part 59.            Intra module refs:   SAU0_Init
           ENTRY                   ADDRESS         REF BY
           =====                   =======         ======
           CSI00_Start             00000E60 
    -------------------------------------------------------------------------
CODE
  Relative segment, address: 00000E86 - 00000E99 (0x14 bytes), align: 0
  Segment part 61.
           ENTRY                   ADDRESS         REF BY
           =====                   =======         ======
           CSI00_SendReceiveData   00000E86        hal_aci_tl_init (hal_aci_tl)
                                                   spi_readwrite (hal_aci_tl)
    -------------------------------------------------------------------------
INTVEC
  Common segment, address: 00000000 - 00000025 (0x26 bytes), align: 1
  Segment part 31. ROOT 
           ENTRY                   ADDRESS         REF BY
           =====                   =======         ======
           UARTtxInterrupt::??INTVEC 36
                                   00000024 
    -------------------------------------------------------------------------
INTVEC
  Common segment, address: 00000000 - 00000027 (0x28 bytes), align: 1
  Segment part 32. ROOT 
           ENTRY                   ADDRESS         REF BY
           =====                   =======         ======
           UARTrxInterrupt::??INTVEC 38
                                   00000026 
    -------------------------------------------------------------------------
NEAR_CONST_ID
  Relative segment, address: 00002048 - 00002057 (0x10 bytes), align: 1
  Segment part 62.            Intra module refs:   tableAscii

    *************************************************************************

  FILE NAME : C:\Users\Emilio García\Desktop\ble-sdk-rl78\libraries\Examples\ble_my_project_template\Debug\Obj\CG_system.r87
  PROGRAM MODULE, NAME : CG_system

  SEGMENTS IN THE MODULE
  ======================
NEAR_A
  Relative segment, address: 000FFFA0 - 000FFFA0 (0x1 bytes), align: 0
  Segment part 1. ROOT        Intra module refs:   CLOCK_Init
           ENTRY                   ADDRESS         REF BY
           =====                   =======         ======
           _A_CMC                  000FFFA0 
           LOCAL                   ADDRESS         
           =====                   =======         
           CMC                     000FFFA0 
           CMC_bit                 000FFFA0 
    -------------------------------------------------------------------------
NEAR_A
  Relative segment, address: 000FFFA1 - 000FFFA1 (0x1 bytes), align: 0
  Segment part 2. ROOT        Intra module refs:   CLOCK_Init
           ENTRY                   ADDRESS         REF BY
           =====                   =======         ======
           _A_CSC                  000FFFA1 
           LOCAL                   ADDRESS         
           =====                   =======         
           CSC                     000FFFA1 
           CSC_bit                 000FFFA1 
    -------------------------------------------------------------------------
NEAR_A
  Relative segment, address: 000FFFA4 - 000FFFA4 (0x1 bytes), align: 0
  Segment part 3. ROOT        Intra module refs:   CLOCK_Init
           ENTRY                   ADDRESS         REF BY
           =====                   =======         ======
           _A_CKC                  000FFFA4 
           LOCAL                   ADDRESS         
           =====                   =======         
           CKC                     000FFFA4 
           CKC_bit                 000FFFA4 
    -------------------------------------------------------------------------
NEAR_A
  Relative segment, address: 000F00F3 - 000F00F3 (0x1 bytes), align: 0
  Segment part 4. ROOT        Intra module refs:   CLOCK_Init
           ENTRY                   ADDRESS         REF BY
           =====                   =======         ======
           _A_OSMC                 000F00F3 
           LOCAL                   ADDRESS         
           =====                   =======         
           OSMC                    000F00F3 
           OSMC_bit                000F00F3 
    -------------------------------------------------------------------------
CODE
  Relative segment, address: 00000E9A - 00000EA7 (0xe bytes), align: 0
  Segment part 6.
           ENTRY                   ADDRESS         REF BY
           =====                   =======         ======
           CLOCK_Init              00000E9A        systeminit (CG_systeminit)

    *************************************************************************

  FILE NAME : C:\Users\Emilio García\Desktop\ble-sdk-rl78\libraries\Examples\ble_my_project_template\Debug\Obj\CG_systeminit.r87
  PROGRAM MODULE, NAME : CG_systeminit

  SEGMENTS IN THE MODULE
  ======================
NEAR_A
  Relative segment, address: 000F0077 - 000F0077 (0x1 bytes), align: 0
  Segment part 1. ROOT        Intra module refs:   systeminit
           ENTRY                   ADDRESS         REF BY
           =====                   =======         ======
           _A_PIOR                 000F0077 
           LOCAL                   ADDRESS         
           =====                   =======         
           PIOR                    000F0077 
           PIOR_bit                000F0077 
    -------------------------------------------------------------------------
CODE
  Relative segment, address: 00000EA8 - 00000EB8 (0x11 bytes), align: 0
  Segment part 3.             Intra module refs:   __low_level_init
           ENTRY                   ADDRESS         REF BY
           =====                   =======         ======
           systeminit              00000EA8 
               calls direct
    -------------------------------------------------------------------------
CODE
  Relative segment, address: 00000EB9 - 00000EC3 (0xb bytes), align: 0
  Segment part 4. ROOT 
           ENTRY                   ADDRESS         REF BY
           =====                   =======         ======
           __low_level_init        00000EB9        Segment part 4 (?CSTARTUP)
               calls direct

    *************************************************************************

  FILE NAME : C:\Users\Emilio García\Desktop\ble-sdk-rl78\libraries\Examples\ble_my_project_template\Debug\Obj\CG_timer.r87
  PROGRAM MODULE, NAME : CG_timer

  SEGMENTS IN THE MODULE
  ======================
SADDR_A
  Relative segment, address: 000FFF18 - 000FFF19 (0x2 bytes), align: 0
  Segment part 1. ROOT        Intra module refs:   TAU0_Init
           ENTRY                   ADDRESS         REF BY
           =====                   =======         ======
           _A_TDR00                000FFF18 
           LOCAL                   ADDRESS         
           =====                   =======         
           TDR00                   000FFF18 
           TDR00_bit               000FFF18 
    -------------------------------------------------------------------------
NEAR_A
  Relative segment, address: 000FFFD0 - 000FFFD1 (0x2 bytes), align: 0
  Segment part 2. ROOT        Intra module refs:   TAU0_Init
           ENTRY                   ADDRESS         REF BY
           =====                   =======         ======
           _A_IF2                  000FFFD0 
           LOCAL                   ADDRESS         
           =====                   =======         
           IF2                     000FFFD0 
           IF2H                    000FFFD1 
           IF2H_bit                000FFFD1 
           IF2L                    000FFFD0 
           IF2L_bit                000FFFD0 
    -------------------------------------------------------------------------
NEAR_A
  Relative segment, address: 000FFFD4 - 000FFFD5 (0x2 bytes), align: 0
  Segment part 3. ROOT        Intra module refs:   TAU0_Init
           ENTRY                   ADDRESS         REF BY
           =====                   =======         ======
           _A_MK2                  000FFFD4 
           LOCAL                   ADDRESS         
           =====                   =======         
           MK2                     000FFFD4 
           MK2H                    000FFFD5 
           MK2H_bit                000FFFD5 
           MK2L                    000FFFD4 
           MK2L_bit                000FFFD4 
    -------------------------------------------------------------------------
NEAR_A
  Relative segment, address: 000F0190 - 000F0191 (0x2 bytes), align: 0
  Segment part 11. ROOT       Intra module refs:   TAU0_Init
           ENTRY                   ADDRESS         REF BY
           =====                   =======         ======
           _A_TMR00                000F0190 
           LOCAL                   ADDRESS         
           =====                   =======         
           TMR00                   000F0190 
           TMR00_bit               000F0190 
    -------------------------------------------------------------------------
NEAR_A
  Relative segment, address: 000F01B2 - 000F01B3 (0x2 bytes), align: 0
  Segment part 12. ROOT       Intra module refs:   TAU0_Channel0_Start
           ENTRY                   ADDRESS         REF BY
           =====                   =======         ======
           _A_TS0                  000F01B2 
           LOCAL                   ADDRESS         
           =====                   =======         
           TS0                     000F01B2 
           TS0L                    000F01B2 
           TS0L_bit                000F01B2 
    -------------------------------------------------------------------------
NEAR_A
  Relative segment, address: 000F01B4 - 000F01B5 (0x2 bytes), align: 0
  Segment part 13. ROOT       Intra module refs:   TAU0_Channel0_Stop
                                                   TAU0_Init
           ENTRY                   ADDRESS         REF BY
           =====                   =======         ======
           _A_TT0                  000F01B4 
           LOCAL                   ADDRESS         
           =====                   =======         
           TT0                     000F01B4 
           TT0L                    000F01B4 
           TT0L_bit                000F01B4 
    -------------------------------------------------------------------------
NEAR_A
  Relative segment, address: 000F01B6 - 000F01B7 (0x2 bytes), align: 0
  Segment part 14. ROOT       Intra module refs:   TAU0_Init
           ENTRY                   ADDRESS         REF BY
           =====                   =======         ======
           _A_TPS0                 000F01B6 
           LOCAL                   ADDRESS         
           =====                   =======         
           TPS0                    000F01B6 
           TPS0_bit                000F01B6 
    -------------------------------------------------------------------------
NEAR_A
  Relative segment, address: 000F01B8 - 000F01B9 (0x2 bytes), align: 0
  Segment part 15. ROOT       Intra module refs:   TAU0_Init
           ENTRY                   ADDRESS         REF BY
           =====                   =======         ======
           _A_TO0                  000F01B8 
           LOCAL                   ADDRESS         
           =====                   =======         
           TO0                     000F01B8 
           TO0L                    000F01B8 
           TO0L_bit                000F01B8 
           TO0_bit                 000F01B8 
    -------------------------------------------------------------------------
NEAR_A
  Relative segment, address: 000F01BA - 000F01BB (0x2 bytes), align: 0
  Segment part 16. ROOT       Intra module refs:   TAU0_Init
           ENTRY                   ADDRESS         REF BY
           =====                   =======         ======
           _A_TOE0                 000F01BA 
           LOCAL                   ADDRESS         
           =====                   =======         
           TOE0                    000F01BA 
           TOE0L                   000F01BA 
           TOE0L_bit               000F01BA 
    -------------------------------------------------------------------------
NEAR_Z
  Relative segment, address: 000FF008 - 000FF009 (0x2 bytes), align: 1
  Segment part 19.            Intra module refs:   MD_INTTM00
                                                   delay
           ENTRY                   ADDRESS         REF BY
           =====                   =======         ======
           delay_counter           000FF008 
    -------------------------------------------------------------------------
CODE
  Relative segment, address: 00000EC4 - 00000F27 (0x64 bytes), align: 0
  Segment part 20.
           ENTRY                   ADDRESS         REF BY
           =====                   =======         ======
           TAU0_Init               00000EC4        systeminit (CG_systeminit)
    -------------------------------------------------------------------------
CODE
  Relative segment, address: 00000F28 - 00000F32 (0xb bytes), align: 0
  Segment part 21.            Intra module refs:   delay
           ENTRY                   ADDRESS         REF BY
           =====                   =======         ======
           TAU0_Channel0_Start     00000F28 
    -------------------------------------------------------------------------
CODE
  Relative segment, address: 00000F33 - 00000F3E (0xc bytes), align: 0
  Segment part 22.            Intra module refs:   delay
           ENTRY                   ADDRESS         REF BY
           =====                   =======         ======
           TAU0_Channel0_Stop      00000F33 
    -------------------------------------------------------------------------
CODE
  Relative segment, address: 00000F3F - 00000F52 (0x14 bytes), align: 0
  Segment part 24.
           ENTRY                   ADDRESS         REF BY
           =====                   =======         ======
           delay                   00000F3F        hal_aci_tl_init (hal_aci_tl)
                                                   hal_aci_tl_pin_reset (hal_aci_tl)
                                                   loop (main)
                                                   printDec (CG_serial)
                                                   printHex (CG_serial)
                                                   printString (CG_serial)
               calls direct
               CSTACK = 00000000 ( 00000002 )
    -------------------------------------------------------------------------
CODE
  Relative segment, address: 00000F53 - 00000F57 (0x5 bytes), align: 0
  Segment part 25.            Intra module refs:   MD_INTTM00::??INTVEC 44
           ENTRY                   ADDRESS         REF BY
           =====                   =======         ======
           MD_INTTM00              00000F53 
               interrupt function
    -------------------------------------------------------------------------
INTVEC
  Common segment, address: 00000000 - 0000002D (0x2e bytes), align: 1
  Segment part 17. ROOT 
           ENTRY                   ADDRESS         REF BY
           =====                   =======         ======
           MD_INTTM00::??INTVEC 44
                                   0000002C 

    *************************************************************************

  FILE NAME : C:\Users\Emilio García\Desktop\ble-sdk-rl78\libraries\Examples\ble_my_project_template\Debug\Obj\hal_aci_tl.r87
  PROGRAM MODULE, NAME : hal_aci_tl

  SEGMENTS IN THE MODULE
  ======================
NEAR_Z
  Relative segment, address: 000FF015 - 000FF015 (0x1 bytes), align: 0
  Segment part 7.             Intra module refs:   hal_aci_tl_event_get
                                                   hal_aci_tl_init
                                                   hal_aci_tl_send
           LOCAL                   ADDRESS         
           =====                   =======         
           aci_debug_print         000FF015 
    -------------------------------------------------------------------------
NEAR_Z
  Relative segment, address: 000FF016 - 000FF09B (0x86 bytes), align: 0
  Segment part 8.             Intra module refs:   hal_aci_tl_event_get
                                                   hal_aci_tl_init
                                                   hal_aci_tl_send
                                                   hal_aci_tl_tx_q_empty
                                                   m_aci_event_check
                                                   m_aci_isr
           ENTRY                   ADDRESS         REF BY
           =====                   =======         ======
           aci_tx_q                000FF016 
    -------------------------------------------------------------------------
NEAR_Z
  Relative segment, address: 000FF09C - 000FF121 (0x86 bytes), align: 0
  Segment part 9.             Intra module refs:   hal_aci_tl_event_get
                                                   hal_aci_tl_event_peek
                                                   hal_aci_tl_init
                                                   hal_aci_tl_send
                                                   m_aci_event_check
                                                   m_aci_isr
           ENTRY                   ADDRESS         REF BY
           =====                   =======         ======
           aci_rx_q                000FF09C 
    -------------------------------------------------------------------------
NEAR_Z
  Relative segment, address: 000FF00A - 000FF00B (0x2 bytes), align: 1
  Segment part 10.            Intra module refs:   hal_aci_tl_event_get
                                                   hal_aci_tl_event_peek
                                                   hal_aci_tl_pin_reset
                                                   m_aci_event_check
                                                   m_aci_isr
                                                   m_aci_pins_set
                                                   m_aci_reqn_disable
                                                   m_aci_reqn_enable
           LOCAL                   ADDRESS         
           =====                   =======         
           a_pins_local_ptr        000FF00A 
    -------------------------------------------------------------------------
CODE
  Relative segment, address: 00000F58 - 00001030 (0xd9 bytes), align: 0
  Segment part 11.            Intra module refs:   hal_aci_tl_event_get
                                                   hal_aci_tl_send
           LOCAL                   ADDRESS         
           =====                   =======         
           m_aci_data_print        00000F58 
               calls indirect
               CSTACK = 00000000 ( 00000012 )
    -------------------------------------------------------------------------
CODE
  Relative segment, address: 00001031 - 00001090 (0x60 bytes), align: 0
  Segment part 12.            Intra module refs:   hal_aci_tl_event_get
                                                   hal_aci_tl_init
           LOCAL                   ADDRESS         
           =====                   =======         
           m_aci_isr               00001031 
               calls direct
               CSTACK = 00000000 ( 00000044 )
    -------------------------------------------------------------------------
CODE
  Relative segment, address: 00001091 - 00001102 (0x72 bytes), align: 0
  Segment part 13.            Intra module refs:   hal_aci_tl_event_get
                                                   hal_aci_tl_event_peek
           LOCAL                   ADDRESS         
           =====                   =======         
           m_aci_event_check       00001091 
               calls direct
               CSTACK = 00000000 ( 00000044 )
    -------------------------------------------------------------------------
CODE
  Relative segment, address: 00001103 - 00001109 (0x7 bytes), align: 0
  Segment part 14.            Intra module refs:   hal_aci_tl_init
           LOCAL                   ADDRESS         
           =====                   =======         
           m_aci_pins_set          00001103 
    -------------------------------------------------------------------------
CODE
  Relative segment, address: 0000110A - 00001115 (0xc bytes), align: 0
  Segment part 15.            Intra module refs:   m_aci_spi_transfer
           LOCAL                   ADDRESS         
           =====                   =======         
           m_aci_reqn_disable      0000110A 
               calls direct
               CSTACK = 00000000 ( 00000002 )
    -------------------------------------------------------------------------
CODE
  Relative segment, address: 00001116 - 00001121 (0xc bytes), align: 0
  Segment part 16.            Intra module refs:   hal_aci_tl_event_get
                                                   hal_aci_tl_send
                                                   m_aci_event_check
                                                   m_aci_isr
                                                   m_aci_spi_transfer
           LOCAL                   ADDRESS         
           =====                   =======         
           m_aci_reqn_enable       00001116 
               calls direct
               CSTACK = 00000000 ( 00000002 )
    -------------------------------------------------------------------------
CODE
  Relative segment, address: 00001122 - 000011BF (0x9e bytes), align: 0
  Segment part 18.            Intra module refs:   m_aci_event_check
                                                   m_aci_isr
           LOCAL                   ADDRESS         
           =====                   =======         
           m_aci_spi_transfer      00001122 
               calls direct
               CSTACK = 00000000 ( 00000006 )
    -------------------------------------------------------------------------
CODE
  Relative segment, address: 000011C0 - 00001218 (0x59 bytes), align: 0
  Segment part 20.            Intra module refs:   hal_aci_tl_init
           ENTRY                   ADDRESS         REF BY
           =====                   =======         ======
           hal_aci_tl_pin_reset    000011C0 
               calls direct
               CSTACK = 00000000 ( 00000002 )
    -------------------------------------------------------------------------
CODE
  Relative segment, address: 00001219 - 00001238 (0x20 bytes), align: 0
  Segment part 21.
           ENTRY                   ADDRESS         REF BY
           =====                   =======         ======
           hal_aci_tl_event_peek   00001219        lib_aci_event_peek (lib_aci)
               calls direct
               CSTACK = 00000000 ( 00000004 )
    -------------------------------------------------------------------------
CODE
  Relative segment, address: 00001239 - 000012C7 (0x8f bytes), align: 0
  Segment part 22.
           ENTRY                   ADDRESS         REF BY
           =====                   =======         ======
           hal_aci_tl_event_get    00001239        lib_aci_event_get (lib_aci)
               calls direct and indirect
               CSTACK = 00000000 ( 00000008 )
    -------------------------------------------------------------------------
CODE
  Relative segment, address: 000012C8 - 0000131A (0x53 bytes), align: 0
  Segment part 23.
[...]
           =====                   =======         ======
           @cend                   0000013F 
           __MAIN_CALL             00000139        Segment part 4 (?CSTARTUP)
           __program_end           0000013F 

    -------------------------------------------------------------------------
  LIBRARY MODULE, NAME : ?exit

  SEGMENTS IN THE MODULE
  ======================
CODE
  Relative segment, address: 00001B3F - 00001B41 (0x3 bytes), align: 0
  Segment part 2.
           ENTRY                   ADDRESS         REF BY
           =====                   =======         ======
           exit                    00001B3F        Segment part 1 (?__MAIN_CALL)
               calls direct

    -------------------------------------------------------------------------
  LIBRARY MODULE, NAME : ?CLRL78_V1_0_L00

Absolute parts
           ENTRY                   ADDRESS         REF BY
           =====                   =======         ======
           ?CLRL78_V1_0_L00        FFFFFFFF        CLOCK_Init (CG_system)
                                                   CSI00_Init (CG_serial)
                                                   CSI00_SendReceiveData (CG_serial)
                                                   CSI00_Start (CG_serial)
                                                   MD_INTTM00 (CG_timer)
                                                   PORT_Init (CG_port)
                                                   SAU0_Init (CG_serial)
                                                   TAU0_Channel0_Start (CG_timer)
                                                   TAU0_Channel0_Stop (CG_timer)
                                                   TAU0_Init (CG_timer)
                                                   UART1_Init (CG_serial)
                                                   UART1_Start (CG_serial)
                                                   UARTrxInterrupt (CG_serial)
                                                   UARTtxInterrupt (CG_serial)
                                                   __DebugBreak (?__dbg_break)
                                                   __ble_assert (main)
                                                   __exit (?__exit)
                                                   __low_level_init (CG_systeminit)
                                                   aci_queue_dequeue (aci_queue)
                                                   aci_queue_dequeue_from_isr (aci_queue)
                                                   aci_queue_enqueue (aci_queue)
                                                   aci_queue_enqueue_from_isr (aci_queue)
                                                   aci_queue_init (aci_queue)
                                                   aci_queue_is_empty (aci_queue)
                                                   aci_queue_is_empty_from_isr (aci_queue)
                                                   aci_queue_is_full (aci_queue)
                                                   aci_queue_is_full_from_isr (aci_queue)
                                                   aci_queue_peek (aci_queue)
                                                   aci_setup_fill (aci_setup)
                                                   acil_encode_cmd_connect (acilib)
                                                   attachInterrupt (hal_platform)
                                                   delay (CG_timer)
                                                   detachInterrupt (hal_platform)
                                                   digitalRead (CG_port)
                                                   digitalWrite (CG_port)
                                                   do_aci_setup (aci_setup)
                                                   exit (?exit)
                                                   hal_aci_tl_event_get (hal_aci_tl)
                                                   hal_aci_tl_event_peek (hal_aci_tl)
                                                   hal_aci_tl_init (hal_aci_tl)
                                                   hal_aci_tl_pin_reset (hal_aci_tl)
                                                   hal_aci_tl_send (hal_aci_tl)
                                                   hal_aci_tl_tx_q_empty (hal_aci_tl)
                                                   initializeSerialMonitor (CG_serial)
                                                   interrupts (hal_platform)
                                                   lib_aci_command_queue_empty (lib_aci)
                                                   lib_aci_connect (lib_aci)
                                                   lib_aci_event_get (lib_aci)
                                                   lib_aci_event_peek (lib_aci)
                                                   loop (main)
                                                   m_aci_data_print (hal_aci_tl)
                                                   m_aci_event_check (hal_aci_tl)
                                                   m_aci_isr (hal_aci_tl)
                                                   m_aci_pins_set (hal_aci_tl)
                                                   m_aci_reqn_disable (hal_aci_tl)
                                                   m_aci_reqn_enable (hal_aci_tl)
                                                   m_aci_spi_transfer (hal_aci_tl)
                                                   main (main)
                                                   memmove (?memmove)
                                                   noInterrupts (hal_platform)
                                                   pinMode (hal_platform)
                                                   printDec (CG_serial)
                                                   printHex (CG_serial)
                                                   printString (CG_serial)
                                                   selectPrint (CG_serial)
                                                   selectPrintln (CG_serial)
                                                   setup (main)
                                                   spi_readwrite (hal_aci_tl)
                                                   strlen (?strlen)
                                                   systeminit (CG_systeminit)
                                                   writeByte (CG_serial)
  SEGMENTS IN THE MODULE
  ======================
__aseg
  Relative segment, address: 00000000, align: 0
  Segment part 1. ROOT 

    -------------------------------------------------------------------------
  LIBRARY MODULE, NAME : ?UCHAR_DIV_MOD_L01

  SEGMENTS IN THE MODULE
  ======================
__aseg
  Relative segment, address: 00000000, align: 0
  Segment part 1. ROOT 
    -------------------------------------------------------------------------
RCODE
  Relative segment, address: 0000013F - 00000164 (0x26 bytes), align: 0
  Segment part 2.
           ENTRY                   ADDRESS         REF BY
           =====                   =======         ======
           ?UC_DIV_L01             0000013F        printDec (CG_serial)
                                                   printHex (CG_serial)
           ?UC_MOD_L01             0000014D        aci_queue_dequeue (aci_queue)
                                                   aci_queue_dequeue_from_isr (aci_queue)
                                                   aci_queue_enqueue (aci_queue)
                                                   aci_queue_enqueue_from_isr (aci_queue)
                                                   aci_queue_peek (aci_queue)
                                                   printDec (CG_serial)
                                                   printHex (CG_serial)

    -------------------------------------------------------------------------
  LIBRARY MODULE, NAME : ?UCHAR_DIVUW_L01

  SEGMENTS IN THE MODULE
  ======================
__aseg
  Relative segment, address: 00000000, align: 0
  Segment part 1. ROOT 
    -------------------------------------------------------------------------
RCODE
  Relative segment, address: 00000165 - 000001C9 (0x65 bytes), align: 0
  Segment part 2.
           ENTRY                   ADDRESS         REF BY
           =====                   =======         ======
           ?DIVUW_L01              00000165        Segment part 2 (?UCHAR_DIV_MOD_L01)

    -------------------------------------------------------------------------
  LIBRARY MODULE, NAME : ?INT_LSH_L02

  SEGMENTS IN THE MODULE
  ======================
__aseg
  Relative segment, address: 00000000, align: 0
  Segment part 1. ROOT 

    -------------------------------------------------------------------------
  LIBRARY MODULE, NAME : ?INT_MUL_L02

  SEGMENTS IN THE MODULE
  ======================
__aseg
  Relative segment, address: 00000000, align: 0
  Segment part 1. ROOT 
    -------------------------------------------------------------------------
RCODE
  Relative segment, address: 000001CA - 000001E4 (0x1b bytes), align: 0
  Segment part 2.
           ENTRY                   ADDRESS         REF BY
           =====                   =======         ======
           ?I_MUL_L02              000001CA        aci_queue_dequeue (aci_queue)
                                                   aci_queue_dequeue_from_isr (aci_queue)
                                                   aci_queue_enqueue (aci_queue)
                                                   aci_queue_enqueue_from_isr (aci_queue)
                                                   aci_queue_init (aci_queue)
                                                   aci_queue_peek (aci_queue)
                                                   aci_setup_fill (aci_setup)

    -------------------------------------------------------------------------
  LIBRARY MODULE, NAME : ?SINT_CMP_L02

  SEGMENTS IN THE MODULE
  ======================
__aseg
  Relative segment, address: 00000000, align: 0
  Segment part 1. ROOT 
    -------------------------------------------------------------------------
RCODE
  Relative segment, address: 000001E5 - 000001F0 (0xc bytes), align: 0
  Segment part 2.
           ENTRY                   ADDRESS         REF BY
           =====                   =======         ======
           ?SI_CMP_L02             000001E5        loop (main)
                                                   m_aci_spi_transfer (hal_aci_tl)
                                                   printString (CG_serial)

    -------------------------------------------------------------------------
  LIBRARY MODULE, NAME : ?LONG_MUL_L03

  SEGMENTS IN THE MODULE
  ======================
__aseg
  Relative segment, address: 00000000, align: 0
  Segment part 1. ROOT 

    -------------------------------------------------------------------------
  LIBRARY MODULE, NAME : ?ULONG_DIV_L03

  SEGMENTS IN THE MODULE
  ======================
__aseg
  Relative segment, address: 00000000, align: 0
  Segment part 1. ROOT 

    -------------------------------------------------------------------------
  LIBRARY MODULE, NAME : ?LONG_IOR_L03

  SEGMENTS IN THE MODULE
  ======================
__aseg
  Relative segment, address: 00000000, align: 0
  Segment part 1. ROOT 

    -------------------------------------------------------------------------
  LIBRARY MODULE, NAME : ?ULONG_CMP_L03

  SEGMENTS IN THE MODULE
  ======================
__aseg
  Relative segment, address: 00000000, align: 0
  Segment part 1. ROOT 

    -------------------------------------------------------------------------
  LIBRARY MODULE, NAME : ?LONG_LOAD_DIV_MOD_L03

  SEGMENTS IN THE MODULE
  ======================
__aseg
  Relative segment, address: 00000000, align: 0
  Segment part 1. ROOT 

    -------------------------------------------------------------------------
  LIBRARY MODULE, NAME : ?LONG_DIV_L03

  SEGMENTS IN THE MODULE
  ======================
__aseg
  Relative segment, address: 00000000, align: 0
  Segment part 1. ROOT 

    -------------------------------------------------------------------------
  LIBRARY MODULE, NAME : ?FUNCTION_LEAVE_L06

  SEGMENTS IN THE MODULE
  ======================
__aseg
  Relative segment, address: 00000000, align: 0
  Segment part 1. ROOT 

    -------------------------------------------------------------------------
  LIBRARY MODULE, NAME : ?LONG_FLOAT_DEALLOC_L06

  SEGMENTS IN THE MODULE
  ======================
__aseg
  Relative segment, address: 00000000, align: 0
  Segment part 1. ROOT 

    -------------------------------------------------------------------------
  LIBRARY MODULE, NAME : ?WRKSEG_DEFINE_L09

  SEGMENTS IN THE MODULE
  ======================
__aseg
  Relative segment, address: 00000000, align: 0
  Segment part 1. ROOT 

    -------------------------------------------------------------------------
  LIBRARY MODULE, NAME : ?CHAR_SSWITCH_L10

  SEGMENTS IN THE MODULE
  ======================
__aseg
  Relative segment, address: 00000000, align: 0
  Segment part 1. ROOT 

    -------------------------------------------------------------------------
  LIBRARY MODULE, NAME : ?MEMCPY_NEAR

  SEGMENTS IN THE MODULE
  ======================
__aseg
  Relative segment, address: 00000000, align: 0
  Segment part 1. ROOT 
    -------------------------------------------------------------------------
RCODE
  Relative segment, address: 000001F1 - 000001FA (0xa bytes), align: 0
  Segment part 2.
           ENTRY                   ADDRESS         REF BY
           =====                   =======         ======
           ?MEMCPY_NEAR            000001F7        aci_queue_enqueue (aci_queue)
                                                   aci_queue_enqueue_from_isr (aci_queue)
                                                   aci_setup_fill (aci_setup)
                                                   printString (CG_serial)

    -------------------------------------------------------------------------
  LIBRARY MODULE, NAME : ?MEMCPY_SMALL_NEAR

  SEGMENTS IN THE MODULE
  ======================
__aseg
  Relative segment, address: 00000000, align: 0
  Segment part 1. ROOT 
    -------------------------------------------------------------------------
RCODE
  Relative segment, address: 000001FB - 00000202 (0x8 bytes), align: 0
  Segment part 2.
           ENTRY                   ADDRESS         REF BY
           =====                   =======         ======
           ?MEMCPY_SMALL_NEAR      000001FB        aci_queue_dequeue (aci_queue)
                                                   aci_queue_dequeue_from_isr (aci_queue)
                                                   aci_queue_peek (aci_queue)
                                                   printString (CG_serial)

    -------------------------------------------------------------------------
  LIBRARY MODULE, NAME : ?memmove

  SEGMENTS IN THE MODULE
  ======================
CODE
  Relative segment, address: 00001B42 - 00001B75 (0x34 bytes), align: 0
  Segment part 2.
           ENTRY                   ADDRESS         REF BY
           =====                   =======         ======
           memmove                 00001B42        printDec (CG_serial)
                                                   printHex (CG_serial)
                                                   printString (CG_serial)
               CSTACK = 00000000 ( 00000004 )

    -------------------------------------------------------------------------
  LIBRARY MODULE, NAME : ?strlen

  SEGMENTS IN THE MODULE
  ======================
CODE
  Relative segment, address: 00001B76 - 00001B83 (0xe bytes), align: 0
  Segment part 2.
           ENTRY                   ADDRESS         REF BY
           =====                   =======         ======
           strlen                  00001B76        printString (CG_serial)
               CSTACK = 00000000 ( 00000002 )




                ****************************************
                *                                      *
                *      SEGMENTS IN ADDRESS ORDER       *
                *                                      *
                ****************************************


SEGMENT              SPACE    START ADDRESS   END ADDRESS     SIZE  TYPE  ALIGN
=======              =====    =============   ===========     ====  ====  =====
__aseg                                  00000000                     rel    0
INTVEC                             00000000 - 0000002D          2E   com    1
OPTBYTE                            000000C0 - 000000C3           4   rel    0
SECUID                             000000C4 - 000000CD           A   rel    1
RCODE                              000000D8 - 00000202         12B   rel    0
CODE                               00000203 - 00001B83        1981   rel    0
NEAR_ID                            00001B84 - 00001B89           6   rel    1
NEAR_CONST_ID                      00002000 - 000023C5         3C6   rel    1
NEAR_A                             000F003E - 000F003E           1   rel    0
                                   000F0060 - 000F0060           1 
                                   000F006E - 000F006E           1 
                                   000F0070 - 000F0070           1 
                                   000F0077 - 000F0077           1 
                                   000F00F0 - 000F00F0           1 
                                   000F00F3 - 000F00F3           1 
                                   000F0110 - 000F0111           2 
                                   000F0114 - 000F0119           6 
                                   000F011C - 000F011F           4 
                                   000F0122 - 000F012B           A 
                                   000F0134 - 000F0135           2 
                                   000F0190 - 000F0191           2 
                                   000F01B2 - 000F01BB           A 
NEAR_CONST                         000F2000 - 000F23C5         3C6   rel    1
NEAR_I                             000FEF00 - 000FEF05           6   rel    1
NEAR_Z                             000FEF06 - 000FF192         28D   rel    1
HUGE_Z                                  000FF193                     rel    0
FAR_Z                                   000FF193                     rel    0
CSTACK                             000FF194 - 000FF293         100   rel    1
WRKSEG                                  000FFE20                     rel    0
SADDR_A                            000FFF00 - 000FFF01           2   rel    0
                                   000FFF07 - 000FFF07           1 
                                   000FFF0E - 000FFF0E           1 
                                   000FFF10 - 000FFF11           2 
                                   000FFF18 - 000FFF19           2 
NEAR_A                             000FFF20 - 000FFF21           2   rel    0
                                   000FFF27 - 000FFF27           1 
                                   000FFF2E - 000FFF2E           1 
                                   000FFF44 - 000FFF47           4 
                                   000FFFA0 - 000FFFA1           2 
                                   000FFFA4 - 000FFFA4           1 
                                   000FFFD0 - 000FFFD1           2 
                                   000FFFD4 - 000FFFD5           2 
NEAR_A                             000FFFE0 - 000FFFEF          10   rel    0

                ****************************************
                *                                      *
                *        END OF CROSS REFERENCE        *
                *                                      *
                ****************************************

 6 888 bytes of CODE  memory
   915 bytes of DATA  memory (+ 82 absolute )
   972 bytes of CONST memory

Errors: none
Warnings: none

